// Jest Snapshot v1, https://goo.gl/fbAQLP

exports[`<Message /> Rendering should match snapshot 1`] = `
.c0 {
  display: -webkit-box;
  display: -webkit-flex;
  display: -ms-flexbox;
  display: flex;
  -webkit-align-items: center;
  -webkit-box-align: center;
  -ms-flex-align: center;
  align-items: center;
  -webkit-box-pack: justify;
  -webkit-justify-content: space-between;
  -ms-flex-pack: justify;
  justify-content: space-between;
  position: fixed;
  bottom: 30px;
  left: 50%;
  -webkit-transform: translateX(-50%);
  -ms-transform: translateX(-50%);
  transform: translateX(-50%);
  padding: 25px 30px;
  min-width: 25%;
  border-radius: 7px;
  z-index: 9999;
  font-weight: bold;
  box-shadow: rgba(0,0,0,0.24) 0px 3px 8px;
  -webkit-transition: all 300ms ease-in-out;
  transition: all 300ms ease-in-out;
}

.c0.success {
  background-color: #04a453;
  color: #fff;
}

.c0.error {
  background-color: #a40404;
  color: #fff;
}

.c2 {
  color: #fff;
  cursor: pointer;
  font-size: 19px;
  margin-left: 0.3em;
}

.c1 {
  display: block;
}

@media (max-width:768px) {
  .c0 {
    bottom: 0;
    right: 50%;
    left: 50%;
    min-width: 90%;
    -webkit-transform: translate(-50%,-50%);
    -ms-transform: translate(-50%,-50%);
    transform: translate(-50%,-50%);
  }
}

<div
  class="c0 success"
>
  <span
    class="c1"
  >
    message
  </span>
   
  <svg
    class="c2"
    fill="currentColor"
    height="1em"
    stroke="currentColor"
    stroke-width="0"
    viewBox="0 0 512 512"
    width="1em"
    xmlns="http://www.w3.org/2000/svg"
  >
    <path
      d="M289.94 256l95-95A24 24 0 00351 127l-95 95-95-95a24 24 0 00-34 34l95 95-95 95a24 24 0 1034 34l95-95 95 95a24 24 0 0034-34z"
    />
  </svg>
</div>
`;
