// Jest Snapshot v1, https://goo.gl/fbAQLP

exports[`<CommentBox /> Snapshot should match snapshot 1`] = `
.c1 {
  padding: 7px 0;
  outline: none;
  border: none;
  border-bottom: 1px solid #ccc;
  background-color: transparent;
  font-size: 1em;
  -webkit-transition: all 500ms ease-in-out;
  transition: all 500ms ease-in-out;
}

.c1:focus {
  border-bottom: 1px solid #000;
  -webkit-transition: all 300ms ease-in-out;
  transition: all 300ms ease-in-out;
}

.c4 {
  padding: 0.5em 1.8em;
  font-size: 1em;
  border: none;
  font-weight: bold;
  cursor: pointer;
  background: #000;
  color: #fff;
  border: 2px solid #000;
  border-radius: 4px;
  -webkit-transition: all 300ms ease-in-out;
  transition: all 300ms ease-in-out;
}

.c4:hover {
  background: transparent;
  color: #000;
  border: 2px solid #000;
  -webkit-transition: all 300ms ease-in-out;
  transition: all 300ms ease-in-out;
}

.c0 {
  display: -webkit-box;
  display: -webkit-flex;
  display: -ms-flexbox;
  display: flex;
  -webkit-align-items: center;
  -webkit-box-align: center;
  -ms-flex-align: center;
  align-items: center;
  -webkit-box-pack: justify;
  -webkit-justify-content: space-between;
  -ms-flex-pack: justify;
  justify-content: space-between;
  width: 100%;
}

.c0 .c3 {
  padding: 12px 16px;
}

.c2 {
  border: 1px solid #ccc;
  -webkit-transition: all 300ms ease-in-out;
  transition: all 300ms ease-in-out;
  padding: 12px 7px;
  width: 90%;
  border-radius: 5px;
  font-size: 1em;
  margin-right: 7px;
}

.c2:focus {
  border: 1px solid #000;
  -webkit-transition: all 300ms ease-in-out;
  transition: all 300ms ease-in-out;
}

<div
  class="c0"
>
  <input
    class="c1 c2"
    name="commentText"
    placeholder="placeholder test"
    type="text"
  />
  <button
    class="c3 c4"
    type="button"
  >
    Comentar
  </button>
</div>
`;
