// Jest Snapshot v1, https://goo.gl/fbAQLP

exports[`<Loader /> should match snapshot 1`] = `
.c0 {
  position: fixed;
  top: 0;
  left: 0;
  right: 0;
  bottom: 0;
  display: -webkit-box;
  display: -webkit-flex;
  display: -ms-flexbox;
  display: flex;
  -webkit-align-items: center;
  -webkit-box-align: center;
  -ms-flex-align: center;
  align-items: center;
  -webkit-box-pack: center;
  -webkit-justify-content: center;
  -ms-flex-pack: center;
  justify-content: center;
  width: 100%;
  height: 100vh;
  background: rgba(0,0,0,0.6);
  z-index: 99999;
  pointer-events: all;
}

.c1,
.c1::before,
.c1::after {
  border-radius: 50%;
  width: 2.5em;
  height: 2.5em;
  -webkit-animation-fill-mode: both;
  animation-fill-mode: both;
  -webkit-animation: bblFadInOut 1.8s infinite ease-in-out;
  animation: bblFadInOut 1.8s infinite ease-in-out;
}

.c1 {
  color: #fff;
  font-size: 7px;
  position: relative;
  text-indent: -9999em;
  -webkit-transform: translateZ(0);
  -ms-transform: translateZ(0);
  transform: translateZ(0);
  -webkit-animation-delay: -0.16s;
  animation-delay: -0.16s;
}

.c1::before,
.c1:after {
  content: "";
  position: absolute;
  top: 0;
}

.c1::before {
  left: -3.5em;
  -webkit-animation-delay: -0.32s;
  animation-delay: -0.32s;
}

.c1::after {
  left: 3.5em;
}

<div
  aria-label="Loader-wrapper"
  class="c0"
>
  <div
    aria-label="Loading-dots"
    class="c1"
  />
</div>
`;
